//add-post
//edit-post
//post-slice

//single-post(//comments)
